******************************************************************************
                  TI ARM Linker PC v20.2.5                     
******************************************************************************
>> Linked Wed Feb  8 13:52:41 2023

OUTPUT FILE NAME:   <Prueba_2.out>
ENTRY POINT SYMBOL: "_c_int00_noargs"  address: 00001441


MEMORY CONFIGURATION

         name            origin    length      used     unused   attr    fill
----------------------  --------  ---------  --------  --------  ----  --------
  FLASH                 00000000   00040000  000015b4  0003ea4c  R  X
  SRAM                  20000000   00008000  000002fa  00007d06  RW X


SEGMENT ALLOCATION MAP

run origin  load origin   length   init length attrs members
----------  ----------- ---------- ----------- ----- -------
00000000    00000000    000015b8   000015b8    r-x
  00000000    00000000    0000026c   0000026c    r-- .intvecs
  0000026c    0000026c    00001310   00001310    r-x .text
  00001580    00001580    00000038   00000038    r-- .cinit
20000000    20000000    00000300   00000000    rw-
  20000000    20000000    00000200   00000000    rw- .stack
  20000200    20000200    000000d2   00000000    rw- .data
  200002d4    200002d4    00000018   00000000    rw- .bss
  200002f0    200002f0    00000010   00000000    rw- .sysmem


SECTION ALLOCATION MAP

 output                                  attributes/
section   page    origin      length       input sections
--------  ----  ----------  ----------   ----------------
.intvecs   0    00000000    0000026c     
                  00000000    0000026c     tm4c123gh6pm_startup_ccs.obj (.intvecs)

.text      0    0000026c    00001310     
                  0000026c    00000358     UART.obj (.text)
                  000005c4    000001b6     rtsv7M4_T_le_v4SPD16_eabi.lib : fd_add_t2.asm.obj (.text)
                  0000077a    00000002                                   : _lock.c.obj (.text:_nop)
                  0000077c    00000118     ADC.obj (.text)
                  00000894    00000108     main.obj (.text)
                  0000099c    00000100     rtsv7M4_T_le_v4SPD16_eabi.lib : memory.c.obj (.text:aligned_alloc)
                  00000a9c    000000f8                                   : s_floor.c.obj (.text:floor)
                  00000b94    000000f4     GPIO.obj (.text)
                  00000c88    000000e4     rtsv7M4_T_le_v4SPD16_eabi.lib : memory.c.obj (.text:free)
                  00000d6c    000000e4                                   : memory.c.obj (.text:realloc)
                  00000e50    000000c4                                   : s_round.c.obj (.text:round)
                  00000f14    0000009c                                   : memcpy_t2.asm.obj (.text)
                  00000fb0    00000086                                   : fd_cmp_t2.asm.obj (.text:__aeabi_cdcmple)
                  00001036    00000086                                   : fd_cmp_t2.asm.obj (.text:__aeabi_cdrcmple)
                  000010bc    0000007a                                   : memset_t2.asm.obj (.text)
                  00001136    00000002     --HOLE-- [fill = 0]
                  00001138    00000074     PLL.obj (.text)
                  000011ac    00000070     rtsv7M4_T_le_v4SPD16_eabi.lib : memory.c.obj (.text:split)
                  0000121c    0000006e                                   : ltoa.c.obj (.text:ltoa)
                  0000128a    00000068                                   : copy_decompress_lzss.c.obj (.text:decompress:lzss:__TI_decompress_lzss)
                  000012f2    00000002     --HOLE-- [fill = 0]
                  000012f4    0000004c                                   : s_lround.c.obj (.text:lround)
                  00001340    00000048                                   : fd_toi_t2.asm.obj (.text)
                  00001388    00000044                                   : autoinit.c.obj (.text:__TI_auto_init_nobinit_nopinit:__TI_auto_init_nobinit_nopinit)
                  000013cc    0000003c                                   : signal.c.obj (.text:signal)
                  00001408    00000038                                   : memory.c.obj (.text:calloc)
                  00001440    00000034                                   : boot_cortex_m.c.obj (.text:_c_int00_noargs:_c_int00_noargs)
                  00001474    0000002e                                   : signal.c.obj (.text:raise)
                  000014a2    00000002     --HOLE-- [fill = 0]
                  000014a4    00000028                                   : memory.c.obj (.text:free_list_insert)
                  000014cc    00000020                                   : u_tofd_t2.asm.obj (.text)
                  000014ec    0000001c                                   : copy_zero_init.c.obj (.text:decompress:ZI:__TI_zero_init_nomemset:__TI_zero_init_nomemset)
                  00001508    0000001c                                   : memory.c.obj (.text:free_list_remove)
                  00001524    00000014                                   : strcpy.c.obj (.text:strcpy)
                  00001538    00000014                                   : strlen.c.obj (.text:strlen)
                  0000154c    0000000e                                   : copy_decompress_none.c.obj (.text:decompress:none:__TI_decompress_none)
                  0000155a    0000000c     tm4c123gh6pm_startup_ccs.obj (.text)
                  00001566    00000008     rtsv7M4_T_le_v4SPD16_eabi.lib : memory.c.obj (.text:malloc)
                  0000156e    00000006                                   : ti_fenv.c.obj (.text:__softfloat_float_raise)
                  00001574    00000004                                   : pre_init.c.obj (.text:_system_pre_init)
                  00001578    00000004                                   : exit.c.obj (.text:abort:abort)

.cinit     0    00001580    00000038     
                  00001580    00000013     (.cinit..data.load) [load image, compression = lzss]
                  00001593    00000001     --HOLE-- [fill = 0]
                  00001594    0000000c     (__TI_handler_table)
                  000015a0    00000008     (.cinit..bss.load) [load image, compression = zero_init]
                  000015a8    00000010     (__TI_cinit_table)

.init_array 
*          0    00000000    00000000     UNINITIALIZED

.stack     0    20000000    00000200     UNINITIALIZED
                  20000000    00000004     rtsv7M4_T_le_v4SPD16_eabi.lib : boot_cortex_m.c.obj (.stack)
                  20000004    000001fc     --HOLE--

.data      0    20000200    000000d2     UNINITIALIZED
                  20000200    00000080     rtsv7M4_T_le_v4SPD16_eabi.lib : signal.c.obj (.data:sigTable)
                  20000280    00000040     main.obj (.data:data_str)
                  200002c0    00000008     rtsv7M4_T_le_v4SPD16_eabi.lib : _lock.c.obj (.data:$O1$$)
                  200002c8    00000008                                   : memory.c.obj (.data:$O1$$)
                  200002d0    00000002     main.obj (.data:adc_data)

.bss       0    200002d4    00000018     UNINITIALIZED
                  200002d4    00000004     (.common:duty0)
                  200002d8    00000004     (.common:duty1)
                  200002dc    00000004     (.common:duty2)
                  200002e0    00000004     (.common:duty3)
                  200002e4    00000004     (.common:duty4)
                  200002e8    00000004     (.common:duty5)

.sysmem    0    200002f0    00000010     UNINITIALIZED
                  200002f0    00000010     rtsv7M4_T_le_v4SPD16_eabi.lib : memory.c.obj (.sysmem)

__llvm_prf_cnts 
*          0    20000000    00000000     UNINITIALIZED

MODULE SUMMARY

       Module                         code   ro data   rw data
       ------                         ----   -------   -------
    .\
       tm4c123gh6pm_startup_ccs.obj   12     620       0      
       main.obj                       264    0         66     
       SPI.obj                        0      0         24     
    +--+------------------------------+------+---------+---------+
       Total:                         276    620       90     
                                                              
    .\ADC\
       ADC.obj                        280    0         0      
    +--+------------------------------+------+---------+---------+
       Total:                         280    0         0      
                                                              
    .\GPIO\
       GPIO.obj                       244    0         0      
    +--+------------------------------+------+---------+---------+
       Total:                         244    0         0      
                                                              
    .\PLL\
       PLL.obj                        116    0         0      
    +--+------------------------------+------+---------+---------+
       Total:                         116    0         0      
                                                              
    .\UART\
       UART.obj                       856    0         0      
    +--+------------------------------+------+---------+---------+
       Total:                         856    0         0      
                                                              
    C:\ti\ccs1110\ccs\tools\compiler\ti-cgt-arm_20.2.5.LTS\lib\rtsv7M4_T_le_v4SPD16_eabi.lib
       memory.c.obj                   956    0         8      
       fd_add_t2.asm.obj              438    0         0      
       fd_cmp_t2.asm.obj              268    0         0      
       s_floor.c.obj                  248    0         0      
       signal.c.obj                   106    0         128    
       s_round.c.obj                  196    0         0      
       memcpy_t2.asm.obj              156    0         0      
       memset_t2.asm.obj              122    0         0      
       ltoa.c.obj                     110    0         0      
       copy_decompress_lzss.c.obj     104    0         0      
       s_lround.c.obj                 76     0         0      
       fd_toi_t2.asm.obj              72     0         0      
       autoinit.c.obj                 68     0         0      
       boot_cortex_m.c.obj            52     0         0      
       u_tofd_t2.asm.obj              32     0         0      
       copy_zero_init.c.obj           28     0         0      
       strcpy.c.obj                   20     0         0      
       strlen.c.obj                   20     0         0      
       copy_decompress_none.c.obj     14     0         0      
       _lock.c.obj                    2      0         8      
       ti_fenv.c.obj                  6      0         0      
       exit.c.obj                     4      0         0      
       pre_init.c.obj                 4      0         0      
    +--+------------------------------+------+---------+---------+
       Total:                         3102   0         144    
                                                              
       Heap:                          0      0         16     
       Stack:                         0      0         512    
       Linker Generated:              0      55        0      
    +--+------------------------------+------+---------+---------+
       Grand Total:                   4874   675       762    


LINKER GENERATED COPY TABLES

__TI_cinit_table @ 000015a8 records: 2, size/record: 8, table size: 16
	.data: load addr=00001580, load size=00000013 bytes, run addr=20000200, run size=000000d2 bytes, compression=lzss
	.bss: load addr=000015a0, load size=00000008 bytes, run addr=200002d4, run size=00000018 bytes, compression=zero_init


LINKER GENERATED HANDLER TABLE

__TI_handler_table @ 00001594 records: 3, size/record: 4, table size: 12
	index: 0, handler: __TI_decompress_lzss
	index: 1, handler: __TI_decompress_none
	index: 2, handler: __TI_zero_init


GLOBAL SYMBOLS: SORTED ALPHABETICALLY BY Name 

address   name                          
-------   ----                          
0000077d  ADC_config_modulo_0           
000007f1  ADC_leer_canal                
00001579  C$$EXIT                       
00000bf7  ConfigurarGPIOA               
00001139  Configurar_PLL                
000002cf  Configurar_UART3              
00000895  Delay                         
00000939  Enviar_dato                   
0000155b  ResetISR                      
000003dd  Rx_char                       
00000403  Rx_string                     
00000463  Rx_string2                    
000004c9  Tx_char                       
000004e5  Tx_string                     
00000903  UART                          
20000200  __STACK_END                   
00000200  __STACK_SIZE                  
20000200  __STACK_TOP                   
00000010  __SYSMEM_SIZE                 
000015a8  __TI_CINIT_Base               
000015b8  __TI_CINIT_Limit              
00001594  __TI_Handler_Table_Base       
000015a0  __TI_Handler_Table_Limit      
00001389  __TI_auto_init_nobinit_nopinit
0000128b  __TI_decompress_lzss          
0000154d  __TI_decompress_none          
ffffffff  __TI_pprof_out_hndl           
ffffffff  __TI_prof_data_size           
ffffffff  __TI_prof_data_start          
00000000  __TI_static_base__            
000014ed  __TI_zero_init_nomemset       
00000fb1  __aeabi_cdcmpeq               
00000fb1  __aeabi_cdcmple               
00001037  __aeabi_cdrcmple              
00001341  __aeabi_d2iz                  
000005cf  __aeabi_dadd                  
000005c5  __aeabi_dsub                  
000010bd  __aeabi_memclr                
000010bd  __aeabi_memclr4               
000010bd  __aeabi_memclr8               
00000f15  __aeabi_memcpy                
00000f15  __aeabi_memcpy4               
00000f15  __aeabi_memcpy8               
000010bf  __aeabi_memset                
000010bf  __aeabi_memset4               
000010bf  __aeabi_memset8               
000014cd  __aeabi_ui2d                  
ffffffff  __binit__                     
ffffffff  __c_args__                    
UNDEFED   __mpu_init                    
0000156f  __softfloat_float_raise       
20000000  __stack                       
20000000  __start___llvm_prf_cnts       
20000000  __stop___llvm_prf_cnts        
00001441  _c_int00_noargs               
200002c0  _lock                         
0000077b  _nop                          
200002f0  _sys_memory                   
UNDEFED   _system_post_cinit            
00001575  _system_pre_init              
200002c4  _unlock                       
00001579  abort                         
200002d0  adc_data                      
0000099d  aligned_alloc                 
ffffffff  binit                         
00001409  calloc                        
20000280  data_str                      
200002d4  duty0                         
200002d8  duty1                         
200002dc  duty2                         
200002e0  duty3                         
200002e4  duty4                         
200002e8  duty5                         
00000a9d  floor                         
00000a9d  floorl                        
00000c89  free                          
00000000  g_pfnVectors                  
000003b3  habilitar_IntUART3            
00000507  invertir_string               
000012f5  lround                        
0000121d  ltoa                          
000008b3  main                          
00001567  malloc                        
0000099d  memalign                      
00000f15  memcpy                        
000010c5  memset                        
00001475  raise                         
00000d6d  realloc                       
00000e51  round                         
00000e51  roundl                        
000013cd  signal                        
00001525  strcpy                        
00001539  strlen                        


GLOBAL SYMBOLS: SORTED BY Symbol Address 

address   name                          
-------   ----                          
00000000  __TI_static_base__            
00000000  g_pfnVectors                  
00000010  __SYSMEM_SIZE                 
00000200  __STACK_SIZE                  
000002cf  Configurar_UART3              
000003b3  habilitar_IntUART3            
000003dd  Rx_char                       
00000403  Rx_string                     
00000463  Rx_string2                    
000004c9  Tx_char                       
000004e5  Tx_string                     
00000507  invertir_string               
000005c5  __aeabi_dsub                  
000005cf  __aeabi_dadd                  
0000077b  _nop                          
0000077d  ADC_config_modulo_0           
000007f1  ADC_leer_canal                
00000895  Delay                         
000008b3  main                          
00000903  UART                          
00000939  Enviar_dato                   
0000099d  aligned_alloc                 
0000099d  memalign                      
00000a9d  floor                         
00000a9d  floorl                        
00000bf7  ConfigurarGPIOA               
00000c89  free                          
00000d6d  realloc                       
00000e51  round                         
00000e51  roundl                        
00000f15  __aeabi_memcpy                
00000f15  __aeabi_memcpy4               
00000f15  __aeabi_memcpy8               
00000f15  memcpy                        
00000fb1  __aeabi_cdcmpeq               
00000fb1  __aeabi_cdcmple               
00001037  __aeabi_cdrcmple              
000010bd  __aeabi_memclr                
000010bd  __aeabi_memclr4               
000010bd  __aeabi_memclr8               
000010bf  __aeabi_memset                
000010bf  __aeabi_memset4               
000010bf  __aeabi_memset8               
000010c5  memset                        
00001139  Configurar_PLL                
0000121d  ltoa                          
0000128b  __TI_decompress_lzss          
000012f5  lround                        
00001341  __aeabi_d2iz                  
00001389  __TI_auto_init_nobinit_nopinit
000013cd  signal                        
00001409  calloc                        
00001441  _c_int00_noargs               
00001475  raise                         
000014cd  __aeabi_ui2d                  
000014ed  __TI_zero_init_nomemset       
00001525  strcpy                        
00001539  strlen                        
0000154d  __TI_decompress_none          
0000155b  ResetISR                      
00001567  malloc                        
0000156f  __softfloat_float_raise       
00001575  _system_pre_init              
00001579  C$$EXIT                       
00001579  abort                         
00001594  __TI_Handler_Table_Base       
000015a0  __TI_Handler_Table_Limit      
000015a8  __TI_CINIT_Base               
000015b8  __TI_CINIT_Limit              
20000000  __stack                       
20000000  __start___llvm_prf_cnts       
20000000  __stop___llvm_prf_cnts        
20000200  __STACK_END                   
20000200  __STACK_TOP                   
20000280  data_str                      
200002c0  _lock                         
200002c4  _unlock                       
200002d0  adc_data                      
200002d4  duty0                         
200002d8  duty1                         
200002dc  duty2                         
200002e0  duty3                         
200002e4  duty4                         
200002e8  duty5                         
200002f0  _sys_memory                   
ffffffff  __TI_pprof_out_hndl           
ffffffff  __TI_prof_data_size           
ffffffff  __TI_prof_data_start          
ffffffff  __binit__                     
ffffffff  __c_args__                    
ffffffff  binit                         
UNDEFED   __mpu_init                    
UNDEFED   _system_post_cinit            

[93 symbols]
