******************************************************************************
                  TI ARM Linker PC v20.2.5                     
******************************************************************************
>> Linked Wed Feb  8 18:56:36 2023

OUTPUT FILE NAME:   <Prueba_3.out>
ENTRY POINT SYMBOL: "_c_int00_noargs"  address: 0000149d


MEMORY CONFIGURATION

         name            origin    length      used     unused   attr    fill
----------------------  --------  ---------  --------  --------  ----  --------
  FLASH                 00000000   00040000  00001610  0003e9f0  R  X
  SRAM                  20000000   00008000  000002fa  00007d06  RW X


SEGMENT ALLOCATION MAP

run origin  load origin   length   init length attrs members
----------  ----------- ---------- ----------- ----- -------
00000000    00000000    00001610   00001610    r-x
  00000000    00000000    0000026c   0000026c    r-- .intvecs
  0000026c    0000026c    0000136c   0000136c    r-x .text
  000015d8    000015d8    00000038   00000038    r-- .cinit
20000000    20000000    00000300   00000000    rw-
  20000000    20000000    00000200   00000000    rw- .stack
  20000200    20000200    000000d2   00000000    rw- .data
  200002d4    200002d4    00000018   00000000    rw- .bss
  200002f0    200002f0    00000010   00000000    rw- .sysmem


SECTION ALLOCATION MAP

 output                                  attributes/
section   page    origin      length       input sections
--------  ----  ----------  ----------   ----------------
.intvecs   0    00000000    0000026c     
                  00000000    0000026c     tm4c123gh6pm_startup_ccs.obj (.intvecs)

.text      0    0000026c    0000136c     
                  0000026c    00000358     UART.obj (.text)
                  000005c4    000001b6     rtsv7M4_T_le_v4SPD16_eabi.lib : fd_add_t2.asm.obj (.text)
                  0000077a    00000002                                   : _lock.c.obj (.text:_nop)
                  0000077c    00000130     main.obj (.text)
                  000008ac    00000128     GPIO.obj (.text)
                  000009d4    00000118     ADC.obj (.text)
                  00000aec    00000100     rtsv7M4_T_le_v4SPD16_eabi.lib : memory.c.obj (.text:aligned_alloc)
                  00000bec    000000f8                                   : s_floor.c.obj (.text:floor)
                  00000ce4    000000e4                                   : memory.c.obj (.text:free)
                  00000dc8    000000e4                                   : memory.c.obj (.text:realloc)
                  00000eac    000000c4                                   : s_round.c.obj (.text:round)
                  00000f70    0000009c                                   : memcpy_t2.asm.obj (.text)
                  0000100c    00000086                                   : fd_cmp_t2.asm.obj (.text:__aeabi_cdcmple)
                  00001092    00000086                                   : fd_cmp_t2.asm.obj (.text:__aeabi_cdrcmple)
                  00001118    0000007a                                   : memset_t2.asm.obj (.text)
                  00001192    00000002     --HOLE-- [fill = 0]
                  00001194    00000074     PLL.obj (.text)
                  00001208    00000070     rtsv7M4_T_le_v4SPD16_eabi.lib : memory.c.obj (.text:split)
                  00001278    0000006e                                   : ltoa.c.obj (.text:ltoa)
                  000012e6    00000068                                   : copy_decompress_lzss.c.obj (.text:decompress:lzss:__TI_decompress_lzss)
                  0000134e    00000002     --HOLE-- [fill = 0]
                  00001350    0000004c                                   : s_lround.c.obj (.text:lround)
                  0000139c    00000048                                   : fd_toi_t2.asm.obj (.text)
                  000013e4    00000044                                   : autoinit.c.obj (.text:__TI_auto_init_nobinit_nopinit:__TI_auto_init_nobinit_nopinit)
                  00001428    0000003c                                   : signal.c.obj (.text:signal)
                  00001464    00000038                                   : memory.c.obj (.text:calloc)
                  0000149c    00000034                                   : boot_cortex_m.c.obj (.text:_c_int00_noargs:_c_int00_noargs)
                  000014d0    0000002e                                   : signal.c.obj (.text:raise)
                  000014fe    00000002     --HOLE-- [fill = 0]
                  00001500    00000028                                   : memory.c.obj (.text:free_list_insert)
                  00001528    00000020                                   : u_tofd_t2.asm.obj (.text)
                  00001548    0000001c                                   : copy_zero_init.c.obj (.text:decompress:ZI:__TI_zero_init_nomemset:__TI_zero_init_nomemset)
                  00001564    0000001c                                   : memory.c.obj (.text:free_list_remove)
                  00001580    00000014                                   : strcpy.c.obj (.text:strcpy)
                  00001594    00000014                                   : strlen.c.obj (.text:strlen)
                  000015a8    0000000e                                   : copy_decompress_none.c.obj (.text:decompress:none:__TI_decompress_none)
                  000015b6    0000000c     tm4c123gh6pm_startup_ccs.obj (.text)
                  000015c2    00000008     rtsv7M4_T_le_v4SPD16_eabi.lib : memory.c.obj (.text:malloc)
                  000015ca    00000006                                   : ti_fenv.c.obj (.text:__softfloat_float_raise)
                  000015d0    00000004                                   : pre_init.c.obj (.text:_system_pre_init)
                  000015d4    00000004                                   : exit.c.obj (.text:abort:abort)

.cinit     0    000015d8    00000038     
                  000015d8    00000013     (.cinit..data.load) [load image, compression = lzss]
                  000015eb    00000001     --HOLE-- [fill = 0]
                  000015ec    0000000c     (__TI_handler_table)
                  000015f8    00000008     (.cinit..bss.load) [load image, compression = zero_init]
                  00001600    00000010     (__TI_cinit_table)

.init_array 
*          0    00000000    00000000     UNINITIALIZED

.stack     0    20000000    00000200     UNINITIALIZED
                  20000000    00000004     rtsv7M4_T_le_v4SPD16_eabi.lib : boot_cortex_m.c.obj (.stack)
                  20000004    000001fc     --HOLE--

.data      0    20000200    000000d2     UNINITIALIZED
                  20000200    00000080     rtsv7M4_T_le_v4SPD16_eabi.lib : signal.c.obj (.data:sigTable)
                  20000280    00000040     main.obj (.data:data_str)
                  200002c0    00000008     rtsv7M4_T_le_v4SPD16_eabi.lib : _lock.c.obj (.data:$O1$$)
                  200002c8    00000008                                   : memory.c.obj (.data:$O1$$)
                  200002d0    00000002     main.obj (.data:adc_data)

.bss       0    200002d4    00000018     UNINITIALIZED
                  200002d4    00000004     (.common:duty0)
                  200002d8    00000004     (.common:duty1)
                  200002dc    00000004     (.common:duty2)
                  200002e0    00000004     (.common:duty3)
                  200002e4    00000004     (.common:duty4)
                  200002e8    00000004     (.common:duty5)

.sysmem    0    200002f0    00000010     UNINITIALIZED
                  200002f0    00000010     rtsv7M4_T_le_v4SPD16_eabi.lib : memory.c.obj (.sysmem)

__llvm_prf_cnts 
*          0    20000000    00000000     UNINITIALIZED

MODULE SUMMARY

       Module                         code   ro data   rw data
       ------                         ----   -------   -------
    .\
       tm4c123gh6pm_startup_ccs.obj   12     620       0      
       main.obj                       304    0         66     
       SPI.obj                        0      0         24     
    +--+------------------------------+------+---------+---------+
       Total:                         316    620       90     
                                                              
    .\ADC\
       ADC.obj                        280    0         0      
    +--+------------------------------+------+---------+---------+
       Total:                         280    0         0      
                                                              
    .\GPIO\
       GPIO.obj                       296    0         0      
    +--+------------------------------+------+---------+---------+
       Total:                         296    0         0      
                                                              
    .\PLL\
       PLL.obj                        116    0         0      
    +--+------------------------------+------+---------+---------+
       Total:                         116    0         0      
                                                              
    .\UART\
       UART.obj                       856    0         0      
    +--+------------------------------+------+---------+---------+
       Total:                         856    0         0      
                                                              
    C:\ti\ccs1110\ccs\tools\compiler\ti-cgt-arm_20.2.5.LTS\lib\rtsv7M4_T_le_v4SPD16_eabi.lib
       memory.c.obj                   956    0         8      
       fd_add_t2.asm.obj              438    0         0      
       fd_cmp_t2.asm.obj              268    0         0      
       s_floor.c.obj                  248    0         0      
       signal.c.obj                   106    0         128    
       s_round.c.obj                  196    0         0      
       memcpy_t2.asm.obj              156    0         0      
       memset_t2.asm.obj              122    0         0      
       ltoa.c.obj                     110    0         0      
       copy_decompress_lzss.c.obj     104    0         0      
       s_lround.c.obj                 76     0         0      
       fd_toi_t2.asm.obj              72     0         0      
       autoinit.c.obj                 68     0         0      
       boot_cortex_m.c.obj            52     0         0      
       u_tofd_t2.asm.obj              32     0         0      
       copy_zero_init.c.obj           28     0         0      
       strcpy.c.obj                   20     0         0      
       strlen.c.obj                   20     0         0      
       copy_decompress_none.c.obj     14     0         0      
       _lock.c.obj                    2      0         8      
       ti_fenv.c.obj                  6      0         0      
       exit.c.obj                     4      0         0      
       pre_init.c.obj                 4      0         0      
    +--+------------------------------+------+---------+---------+
       Total:                         3102   0         144    
                                                              
       Heap:                          0      0         16     
       Stack:                         0      0         512    
       Linker Generated:              0      55        0      
    +--+------------------------------+------+---------+---------+
       Grand Total:                   4966   675       762    


LINKER GENERATED COPY TABLES

__TI_cinit_table @ 00001600 records: 2, size/record: 8, table size: 16
	.data: load addr=000015d8, load size=00000013 bytes, run addr=20000200, run size=000000d2 bytes, compression=lzss
	.bss: load addr=000015f8, load size=00000008 bytes, run addr=200002d4, run size=00000018 bytes, compression=zero_init


LINKER GENERATED HANDLER TABLE

__TI_handler_table @ 000015ec records: 3, size/record: 4, table size: 12
	index: 0, handler: __TI_decompress_lzss
	index: 1, handler: __TI_decompress_none
	index: 2, handler: __TI_zero_init


GLOBAL SYMBOLS: SORTED ALPHABETICALLY BY Name 

address   name                          
-------   ----                          
000009d5  ADC_config_modulo_0           
00000a49  ADC_leer_canal                
000015d5  C$$EXIT                       
0000090f  ConfigurarGPIOA               
00000971  Configurar_LED_EXT            
00001195  Configurar_PLL                
000002cf  Configurar_UART3              
0000077d  Delay                         
00000823  Enviar_dato                   
000015b7  ResetISR                      
000003dd  Rx_char                       
00000403  Rx_string                     
00000463  Rx_string2                    
000004c9  Tx_char                       
000004e5  Tx_string                     
000007ed  UART                          
20000200  __STACK_END                   
00000200  __STACK_SIZE                  
20000200  __STACK_TOP                   
00000010  __SYSMEM_SIZE                 
00001600  __TI_CINIT_Base               
00001610  __TI_CINIT_Limit              
000015ec  __TI_Handler_Table_Base       
000015f8  __TI_Handler_Table_Limit      
000013e5  __TI_auto_init_nobinit_nopinit
000012e7  __TI_decompress_lzss          
000015a9  __TI_decompress_none          
ffffffff  __TI_pprof_out_hndl           
ffffffff  __TI_prof_data_size           
ffffffff  __TI_prof_data_start          
00000000  __TI_static_base__            
00001549  __TI_zero_init_nomemset       
0000100d  __aeabi_cdcmpeq               
0000100d  __aeabi_cdcmple               
00001093  __aeabi_cdrcmple              
0000139d  __aeabi_d2iz                  
000005cf  __aeabi_dadd                  
000005c5  __aeabi_dsub                  
00001119  __aeabi_memclr                
00001119  __aeabi_memclr4               
00001119  __aeabi_memclr8               
00000f71  __aeabi_memcpy                
00000f71  __aeabi_memcpy4               
00000f71  __aeabi_memcpy8               
0000111b  __aeabi_memset                
0000111b  __aeabi_memset4               
0000111b  __aeabi_memset8               
00001529  __aeabi_ui2d                  
ffffffff  __binit__                     
ffffffff  __c_args__                    
UNDEFED   __mpu_init                    
000015cb  __softfloat_float_raise       
20000000  __stack                       
20000000  __start___llvm_prf_cnts       
20000000  __stop___llvm_prf_cnts        
0000149d  _c_int00_noargs               
200002c0  _lock                         
0000077b  _nop                          
200002f0  _sys_memory                   
UNDEFED   _system_post_cinit            
000015d1  _system_pre_init              
200002c4  _unlock                       
000015d5  abort                         
200002d0  adc_data                      
00000aed  aligned_alloc                 
ffffffff  binit                         
00001465  calloc                        
20000280  data_str                      
200002d4  duty0                         
200002d8  duty1                         
200002dc  duty2                         
200002e0  duty3                         
200002e4  duty4                         
200002e8  duty5                         
00000bed  floor                         
00000bed  floorl                        
00000ce5  free                          
00000000  g_pfnVectors                  
000003b3  habilitar_IntUART             
00000507  invertir_string               
00001351  lround                        
00001279  ltoa                          
00000799  main                          
000015c3  malloc                        
00000aed  memalign                      
00000f71  memcpy                        
00001121  memset                        
000014d1  raise                         
00000dc9  realloc                       
00000ead  round                         
00000ead  roundl                        
00001429  signal                        
00001581  strcpy                        
00001595  strlen                        


GLOBAL SYMBOLS: SORTED BY Symbol Address 

address   name                          
-------   ----                          
00000000  __TI_static_base__            
00000000  g_pfnVectors                  
00000010  __SYSMEM_SIZE                 
00000200  __STACK_SIZE                  
000002cf  Configurar_UART3              
000003b3  habilitar_IntUART             
000003dd  Rx_char                       
00000403  Rx_string                     
00000463  Rx_string2                    
000004c9  Tx_char                       
000004e5  Tx_string                     
00000507  invertir_string               
000005c5  __aeabi_dsub                  
000005cf  __aeabi_dadd                  
0000077b  _nop                          
0000077d  Delay                         
00000799  main                          
000007ed  UART                          
00000823  Enviar_dato                   
0000090f  ConfigurarGPIOA               
00000971  Configurar_LED_EXT            
000009d5  ADC_config_modulo_0           
00000a49  ADC_leer_canal                
00000aed  aligned_alloc                 
00000aed  memalign                      
00000bed  floor                         
00000bed  floorl                        
00000ce5  free                          
00000dc9  realloc                       
00000ead  round                         
00000ead  roundl                        
00000f71  __aeabi_memcpy                
00000f71  __aeabi_memcpy4               
00000f71  __aeabi_memcpy8               
00000f71  memcpy                        
0000100d  __aeabi_cdcmpeq               
0000100d  __aeabi_cdcmple               
00001093  __aeabi_cdrcmple              
00001119  __aeabi_memclr                
00001119  __aeabi_memclr4               
00001119  __aeabi_memclr8               
0000111b  __aeabi_memset                
0000111b  __aeabi_memset4               
0000111b  __aeabi_memset8               
00001121  memset                        
00001195  Configurar_PLL                
00001279  ltoa                          
000012e7  __TI_decompress_lzss          
00001351  lround                        
0000139d  __aeabi_d2iz                  
000013e5  __TI_auto_init_nobinit_nopinit
00001429  signal                        
00001465  calloc                        
0000149d  _c_int00_noargs               
000014d1  raise                         
00001529  __aeabi_ui2d                  
00001549  __TI_zero_init_nomemset       
00001581  strcpy                        
00001595  strlen                        
000015a9  __TI_decompress_none          
000015b7  ResetISR                      
000015c3  malloc                        
000015cb  __softfloat_float_raise       
000015d1  _system_pre_init              
000015d5  C$$EXIT                       
000015d5  abort                         
000015ec  __TI_Handler_Table_Base       
000015f8  __TI_Handler_Table_Limit      
00001600  __TI_CINIT_Base               
00001610  __TI_CINIT_Limit              
20000000  __stack                       
20000000  __start___llvm_prf_cnts       
20000000  __stop___llvm_prf_cnts        
20000200  __STACK_END                   
20000200  __STACK_TOP                   
20000280  data_str                      
200002c0  _lock                         
200002c4  _unlock                       
200002d0  adc_data                      
200002d4  duty0                         
200002d8  duty1                         
200002dc  duty2                         
200002e0  duty3                         
200002e4  duty4                         
200002e8  duty5                         
200002f0  _sys_memory                   
ffffffff  __TI_pprof_out_hndl           
ffffffff  __TI_prof_data_size           
ffffffff  __TI_prof_data_start          
ffffffff  __binit__                     
ffffffff  __c_args__                    
ffffffff  binit                         
UNDEFED   __mpu_init                    
UNDEFED   _system_post_cinit            

[94 symbols]
